$D([A ЕД МУЖ ДАТ], опред)
{
0:
[A ЕД МУЖ ДАТ] *;
}

$D([A МН ВИН НЕОД], опред)
{
0:
[A МН ВИН НЕОД] *;
}

$D([A МН РОД], опред)
{
0:
[A МН РОД] *;
}

$D([ADV], обст)
{
0:
[ADV] *;
}

$D([CONJ], сочин)
{
0:
[CONJ] 1;
1:
$D([V СОВ ИЗЪЯВ ПРОШ ЕД МУЖ], соч-союзн) *;
}

$D([PR], 1-компл)
{
0:
[PR] 1;
[PR] 1;
[PR] 2;
1:
$D([S ЕД ЖЕН ВИН НЕОД], предл) *;
1:
[A ЕД МУЖ ДАТ] 2;
2:
[S ЕД МУЖ ДАТ НЕОД] *;
2:
[S ЕД СРЕД ВИН НЕОД] 3;
3:
[A МН РОД] 4;
4:
[S МН ЖЕН РОД НЕОД] *;
}

$D([PR], 2-компл)
{
0:
[PR] 1;
[PR] 1;
[PR] 2;
1:
$D([S ЕД ЖЕН ВИН НЕОД], предл) *;
1:
[A ЕД МУЖ ДАТ] 2;
2:
[S ЕД МУЖ ДАТ НЕОД] *;
2:
[S ЕД СРЕД ВИН НЕОД] 3;
3:
[A МН РОД] 4;
4:
[S МН ЖЕН РОД НЕОД] *;
}

$D([PR], обст)
{
0:
[PR] 1;
[PR] 1;
[PR] 2;
1:
$D([S ЕД ЖЕН ВИН НЕОД], предл) *;
1:
[A ЕД МУЖ ДАТ] 2;
2:
[S ЕД МУЖ ДАТ НЕОД] *;
2:
[S ЕД СРЕД ВИН НЕОД] 3;
3:
[A МН РОД] 4;
4:
[S МН ЖЕН РОД НЕОД] *;
}

$D([S ЕД ЖЕН ВИН НЕОД], предл)
{
0:
[S ЕД ЖЕН ВИН НЕОД] 1;
1:
$D([PR], 2-компл) *;
}

$D([S ЕД МУЖ ДАТ НЕОД], предл)
{
0:
[A ЕД МУЖ ДАТ] 1;
1:
[S ЕД МУЖ ДАТ НЕОД] *;
}

$D([S ЕД СРЕД ВИН НЕОД], предл)
{
0:
[S ЕД СРЕД ВИН НЕОД] 1;
1:
[A МН РОД] 2;
2:
[S МН ЖЕН РОД НЕОД] *;
}

$D([S МН ЖЕН РОД НЕОД], 1-компл)
{
0:
[A МН РОД] 1;
1:
[S МН ЖЕН РОД НЕОД] *;
}

$D([S МН МУЖ ВИН НЕОД], 1-компл)
{
0:
[A МН ВИН НЕОД] 1;
1:
[S МН МУЖ ВИН НЕОД] *;
}

$D([V СОВ ИЗЪЯВ ПРОШ ЕД МУЖ], соч-союзн)
{
0:
[V СОВ ИЗЪЯВ ПРОШ ЕД МУЖ] 1;
1:
$D([PR], 1-компл) *;
}

