F{[V НЕСОВ ИЗЪЯВ НЕПРОШ ЕД 3-Л]}->;D{[S ЕД СРЕД ИМ НЕОД], предик};[V НЕСОВ ИЗЪЯВ НЕПРОШ ЕД 3-Л];D{[PR], 1-компл};;D{[PR], 2-компл};
D{[S ЕД СРЕД ИМ НЕОД], предик}->F{[S ЕД СРЕД ИМ НЕОД]}
F{[S ЕД СРЕД ИМ НЕОД]}->;D{[A ЕД СРЕД ИМ], опред};;D{[A ЕД СРЕД ИМ], опред};[S ЕД СРЕД ИМ НЕОД]
D{[A ЕД СРЕД ИМ], опред}->F{[A ЕД СРЕД ИМ]}
F{[A ЕД СРЕД ИМ]}->[A ЕД СРЕД ИМ]

D{[A ЕД СРЕД ИМ], опред}->F{[A ЕД СРЕД ИМ]}
F{[A ЕД СРЕД ИМ]}->[A ЕД СРЕД ИМ]

D{[PR], 1-компл}->F{[PR]}
F{[PR]}->[PR];D{[S ЕД МУЖ РОД НЕОД], предл};
D{[S ЕД МУЖ РОД НЕОД], предл}->F{[S ЕД МУЖ РОД НЕОД]}
F{[S ЕД МУЖ РОД НЕОД]}->;D{[A ЕД МУЖ РОД], опред};[S ЕД МУЖ РОД НЕОД]
D{[A ЕД МУЖ РОД], опред}->F{[A ЕД МУЖ РОД]}
F{[A ЕД МУЖ РОД]}->[A ЕД МУЖ РОД]

D{[PR], 2-компл}->F{[PR]}
F{[PR]}->[PR];D{[S ЕД МУЖ ВИН НЕОД], предл};
D{[S ЕД МУЖ ВИН НЕОД], предл}->F{[S ЕД МУЖ ВИН НЕОД]}
F{[S ЕД МУЖ ВИН НЕОД]}->[S ЕД МУЖ ВИН НЕОД]
